flutter : Package image_picker:linux references 
image_picker_linux:linux as the default plugin, but 
the package does not exist, or is not a plugin 
package.
At line:1 char:1
+ flutter test test/widget_test.dart > 
test_output.txt 2>&1Check-Conten ...
+ ~~~~~~~~~~~~~~~~~~~~~~~~~~~~~~~~~~~~~~~~~~~~~~~~~~~
~~~~~~~~~~~~~~~~~~
    + CategoryInfo          : NotSpecified: (Package 
    image_p...plugin package.:String) [], RemoteExc  
  eption
    + FullyQualifiedErrorId : NativeCommandError
 
Ask the maintainers of image_picker to either avoid 
referencing a default implementation via `platforms: 
linux: default_package: image_picker_linux` or 
create a plugin named image_picker_linux.

Package path_provider:linux references 
path_provider_linux:linux as the default plugin, but 
the package does not exist, or is not a plugin 
package.
Ask the maintainers of path_provider to either avoid 
referencing a default implementation via `platforms: 
linux: default_package: path_provider_linux` or 
create a plugin named path_provider_linux.

Package shared_preferences:linux references 
shared_preferences_linux:linux as the default 
plugin, but the package does not exist, or is not a 
plugin package.
Ask the maintainers of shared_preferences to either 
avoid referencing a default implementation via 
`platforms: linux: default_package: 
shared_preferences_linux` or create a plugin named 
shared_preferences_linux.

Package image_picker:windows references 
image_picker_windows:windows as the default plugin, 
but the package does not exist, or is not a plugin 
package.
Ask the maintainers of image_picker to either avoid 
referencing a default implementation via `platforms: 
windows: default_package: image_picker_windows` or 
create a plugin named image_picker_windows.

Package path_provider:windows references 
path_provider_windows:windows as the default plugin, 
but the package does not exist, or is not a plugin 
package.
Ask the maintainers of path_provider to either avoid 
referencing a default implementation via `platforms: 
windows: default_package: path_provider_windows` or 
create a plugin named path_provider_windows.

Package shared_preferences:windows references 
shared_preferences_windows:windows as the default 
plugin, but the package does not exist, or is not a 
plugin package.
Ask the maintainers of shared_preferences to either 
avoid referencing a default implementation via 
`platforms: windows: default_package: 
shared_preferences_windows` or create a plugin named 
shared_preferences_windows.

Package shared_preferences:linux references 
shared_preferences_linux:linux as the default 
plugin, but the package does not exist, or is not a 
plugin package.
Ask the maintainers of shared_preferences to either 
avoid referencing a default implementation via 
`platforms: linux: default_package: 
shared_preferences_linux` or create a plugin named 
shared_preferences_linux.

Package image_picker:linux references 
image_picker_linux:linux as the default plugin, but 
the package does not exist, or is not a plugin 
package.
Ask the maintainers of image_picker to either avoid 
referencing a default implementation via `platforms: 
linux: default_package: image_picker_linux` or 
create a plugin named image_picker_linux.

Package path_provider:linux references 
path_provider_linux:linux as the default plugin, but 
the package does not exist, or is not a plugin 
package.
Ask the maintainers of path_provider to either avoid 
referencing a default implementation via `platforms: 
linux: default_package: path_provider_linux` or 
create a plugin named path_provider_linux.

Package shared_preferences:windows references 
shared_preferences_windows:windows as the default 
plugin, but the package does not exist, or is not a 
plugin package.
Ask the maintainers of shared_preferences to either 
avoid referencing a default implementation via 
`platforms: windows: default_package: 
shared_preferences_windows` or create a plugin named 
shared_preferences_windows.

Package image_picker:windows references 
image_picker_windows:windows as the default plugin, 
but the package does not exist, or is not a plugin 
package.
Ask the maintainers of image_picker to either avoid 
referencing a default implementation via `platforms: 
windows: default_package: image_picker_windows` or 
create a plugin named image_picker_windows.

Package path_provider:windows references 
path_provider_windows:windows as the default plugin, 
but the package does not exist, or is not a plugin 
package.
Ask the maintainers of path_provider to either avoid 
referencing a default implementation via `platforms: 
windows: default_package: path_provider_windows` or 
create a plugin named path_provider_windows.

Package shared_preferences:linux references 
shared_preferences_linux:linux as the default 
plugin, but the package does not exist, or is not a 
plugin package.
Ask the maintainers of shared_preferences to either 
avoid referencing a default implementation via 
`platforms: linux: default_package: 
shared_preferences_linux` or create a plugin named 
shared_preferences_linux.

Package image_picker:linux references 
image_picker_linux:linux as the default plugin, but 
the package does not exist, or is not a plugin 
package.
Ask the maintainers of image_picker to either avoid 
referencing a default implementation via `platforms: 
linux: default_package: image_picker_linux` or 
create a plugin named image_picker_linux.

Package path_provider:linux references 
path_provider_linux:linux as the default plugin, but 
the package does not exist, or is not a plugin 
package.
Ask the maintainers of path_provider to either avoid 
referencing a default implementation via `platforms: 
linux: default_package: path_provider_linux` or 
create a plugin named path_provider_linux.

Package shared_preferences:windows references 
shared_preferences_windows:windows as the default 
plugin, but the package does not exist, or is not a 
plugin package.
Ask the maintainers of shared_preferences to either 
avoid referencing a default implementation via 
`platforms: windows: default_package: 
shared_preferences_windows` or create a plugin named 
shared_preferences_windows.

Package image_picker:windows references 
image_picker_windows:windows as the default plugin, 
but the package does not exist, or is not a plugin 
package.
Ask the maintainers of image_picker to either avoid 
referencing a default implementation via `platforms: 
windows: default_package: image_picker_windows` or 
create a plugin named image_picker_windows.

Package path_provider:windows references 
path_provider_windows:windows as the default plugin, 
but the package does not exist, or is not a plugin 
package.
Ask the maintainers of path_provider to either avoid 
referencing a default implementation via `platforms: 
windows: default_package: path_provider_windows` or 
create a plugin named path_provider_windows.

Package shared_preferences:linux references 
shared_preferences_linux:linux as the default 
plugin, but the package does not exist, or is not a 
plugin package.
Ask the maintainers of shared_preferences to either 
avoid referencing a default implementation via 
`platforms: linux: default_package: 
shared_preferences_linux` or create a plugin named 
shared_preferences_linux.

Package image_picker:linux references 
image_picker_linux:linux as the default plugin, but 
the package does not exist, or is not a plugin 
package.
Ask the maintainers of image_picker to either avoid 
referencing a default implementation via `platforms: 
linux: default_package: image_picker_linux` or 
create a plugin named image_picker_linux.

Package path_provider:linux references 
path_provider_linux:linux as the default plugin, but 
the package does not exist, or is not a plugin 
package.
Ask the maintainers of path_provider to either avoid 
referencing a default implementation via `platforms: 
linux: default_package: path_provider_linux` or 
create a plugin named path_provider_linux.

Package shared_preferences:windows references 
shared_preferences_windows:windows as the default 
plugin, but the package does not exist, or is not a 
plugin package.
Ask the maintainers of shared_preferences to either 
avoid referencing a default implementation via 
`platforms: windows: default_package: 
shared_preferences_windows` or create a plugin named 
shared_preferences_windows.

Package image_picker:windows references 
image_picker_windows:windows as the default plugin, 
but the package does not exist, or is not a plugin 
package.
Ask the maintainers of image_picker to either avoid 
referencing a default implementation via `platforms: 
windows: default_package: image_picker_windows` or 
create a plugin named image_picker_windows.

Package path_provider:windows references 
path_provider_windows:windows as the default plugin, 
but the package does not exist, or is not a plugin 
package.
Ask the maintainers of path_provider to either avoid 
referencing a default implementation via `platforms: 
windows: default_package: path_provider_windows` or 
create a plugin named path_provider_windows.

Failed to decode data using encoding 'utf-8', path = 
'E:/code/graduatin 
project/ipart2/ipark/frontend/test_output.txt'
dart:io                                          
_File.readAsStringSync
package:test_core/src/runner/loader.dart 162:32  
Loader.loadFile

This is an unexpected error. Please file an issue at 
http://github.com/dart-lang/test
with the stack trace and instructions for 
reproducing the error.
00:00 +0: loading E:/code/graduatin project/ipart2/ipark/frontend/test/widget_test.dart
Waiting for current test(s) to finish.
Press Control-C again to terminate immediately.
